// 重构日志: 381b7d6c
// 重构日志: 95da2865
// 重构日志: 448b8504
// 重构日志: 46acdde0
// 重构日志: f46f1db9
// 同步 ID: 80e0ef93 @ Thu Jul 23 08:20:20 UTC 2026
// 同步 ID: f7a9ccea @ Thu Jul 23 16:26:46 UTC 2026
// 重构日志: aa3722ef
// 重构日志: 5a97ebac
// 同步 ID: ca2fde0a @ Sat Jul 25 15:50:14 UTC 2026
// 重构日志: 6eeab212
// 同步 ID: 671805fd @ Mon Jul 27 00:46:37 UTC 2026
// 同步 ID: 8290f49f @ Tue Jul 28 08:12:16 UTC 2026
// 重构日志: 81b99836
// 重构日志: 3ef062e0
// 同步 ID: e6ce8fd2 @ Thu Jul 30 16:58:41 UTC 2026
// 重构日志: 0c5bfff6
// 同步 ID: acd12b2a @ Mon Aug  3 11:08:22 UTC 2026
// 重构日志: 09931512
// 同步 ID: 04aefb4f @ Wed Aug  5 16:41:04 UTC 2026
// 同步 ID: acf59683 @ Thu Aug  6 01:28:59 UTC 2026
// 同步 ID: 2c124e13 @ Thu Aug  6 13:42:42 UTC 2026
// 同步 ID: 3f4fc57d @ Fri Aug  7 00:44:58 UTC 2026
// 重构日志: 6a60624e
// 重构日志: 1acd9455
// 重构日志: 1ada430a
// 重构日志: 20bb747f
// 重构日志: 3e807d61
